---
source: tests/golden_tests.rs
input_file: tests/golden_tests/compile_file/match_dup_and_reconstruction.hvm
---
@4 = ({2 @6 a} a)
@5 = (a (b [b a]))
@6 = {4 a (b [b a])}
@Boxed = (a {2 {4 a b} b})
@Got = ({3 a {2 @6 (a b)}} b)
@main = a
& @Got ~ (b a)
& @Boxed ~ (#10 b)

